// Jest Snapshot v1, https://goo.gl/fbAQLP

exports[`Renders correctly Coin Detail Page container Matches Coin Detail Page snapshot 1`] = `
<div>
  <div
    className="coins_list_container"
  >
    <div
      className="coin_list_filters flex_row flex_start"
    >
      <div
        className="filter_wrapper flex_row"
      >
        <div
          className="filter_legend spaced_typography"
        >
          Convert prices to:
        </div>
        <select
          className="filter_selector"
          id="local_currency"
          name="local_currency"
          onChange={[Function]}
        >
          <option
            className="filter_option"
            value="usd"
          >
            USD
          </option>
          <option
            className="filter_option"
            value="eur"
          >
            EUR
          </option>
          <option
            className="filter_option"
            value="jpy"
          >
            JPY
          </option>
          <option
            className="filter_option"
            value="cad"
          >
            CAD
          </option>
          <option
            className="filter_option"
            value="btc"
          >
            BTC
          </option>
          <option
            className="filter_option"
            value="eth"
          >
            ETH
          </option>
        </select>
      </div>
    </div>
    <div
      className="coins_list"
    >
      <p
        className="nodata"
      >
        NO Data Available...
      </p>
    </div>
    <div
      className="pagination_wrapper"
    />
  </div>
</div>
`;
