// Jest Snapshot v1, https://goo.gl/fbAQLP

exports[`Renders correctly The navigation bar component Matches LocalCurrencyFilter snapshot 1`] = `
<div
  className="filter_wrapper flex_row"
>
  <div
    className="filter_legend spaced_typography"
  >
    Convert prices to:
  </div>
  <select
    className="filter_selector"
    id="local_currency"
    name="local_currency"
    onChange={[Function]}
  >
    <option
      className="filter_option"
      value="usd"
    >
      USD
    </option>
    <option
      className="filter_option"
      value="eur"
    >
      EUR
    </option>
    <option
      className="filter_option"
      value="jpy"
    >
      JPY
    </option>
    <option
      className="filter_option"
      value="cad"
    >
      CAD
    </option>
    <option
      className="filter_option"
      value="btc"
    >
      BTC
    </option>
    <option
      className="filter_option"
      value="eth"
    >
      ETH
    </option>
  </select>
</div>
`;
