// Jest Snapshot v1, https://goo.gl/fbAQLP

exports[`Renders correctly The navigation bar component Matches Navigation snapshot 1`] = `
<div
  className="navigation_bar flex_row flex_space_between shadowed_small"
>
  <div
    className="navigation_left flex_row flex_start_bl"
  >
    <p
      className="nav_logo bold_typography"
    >
      Krypto|
      <span
        className="nav_logo_emph"
      >
        <svg
          className="logo_icon"
          fill="currentColor"
          height="1em"
          stroke="currentColor"
          strokeWidth="0"
          style={
            Object {
              "color": undefined,
            }
          }
          viewBox="0 0 16 16"
          width="1em"
          xmlns="http://www.w3.org/2000/svg"
        >
          <circle
            cx="8"
            cy="8"
            r="8"
          />
        </svg>
      </span>
    </p>
    <ul
      className="flex_row flex_start_bl"
    >
      <li
        className="nav_item"
      >
        <a
          className="nav_link spaced_typography"
          href="/about"
          onClick={[Function]}
        >
          ABOUT
        </a>
      </li>
      <li
        className="nav_item"
      >
        <a
          className="nav_link spaced_typography"
          href="/"
          onClick={[Function]}
        >
          CRYPTO-LIST
        </a>
      </li>
    </ul>
  </div>
  <div
    className="navigation_right"
  >
    <div
      className="search_bar_container"
    >
      <input
        className="search_bar_input normal_typography"
        onChange={[Function]}
        placeholder="Search Crypto"
        type="text"
      />
      <button
        className="search_bar_button"
        onClick={[Function]}
        type="button"
      >
        Search
      </button>
    </div>
  </div>
</div>
`;
